CRITICAL - 2026-07-21 07:57:18 --> CodeIgniter\Cache\Exceptions\CacheException: Cache unable to write to "/home/fiantso/Téléchargements/Examen_SI-main (2)/writable/cache/".
[Method: GET, Route: /]
in SYSTEMPATH/Cache/Handlers/FileHandler.php on line 66.
 1 SYSTEMPATH/Cache/Handlers/FileHandler.php(66): CodeIgniter\Cache\Exceptions\CacheException::forUnableToWrite()
 2 SYSTEMPATH/Cache/CacheFactory.php(67): CodeIgniter\Cache\Handlers\FileHandler->__construct()
 3 SYSTEMPATH/Config/Services.php(129): CodeIgniter\Cache\CacheFactory::getHandler()
 4 SYSTEMPATH/Config/BaseService.php(325): CodeIgniter\Config\Services::cache()
 5 SYSTEMPATH/Config/BaseService.php(264): CodeIgniter\Config\BaseService::__callStatic()
 6 SYSTEMPATH/Config/Services.php(124): CodeIgniter\Config\BaseService::getSharedInstance()
 7 SYSTEMPATH/Config/BaseService.php(334): CodeIgniter\Config\Services::cache()
 8 SYSTEMPATH/Config/BaseService.php(203): CodeIgniter\Config\BaseService::__callStatic()
 9 SYSTEMPATH/Config/Services.php(454): CodeIgniter\Config\BaseService::get()
10 SYSTEMPATH/Config/BaseService.php(325): CodeIgniter\Config\Services::responsecache()
11 SYSTEMPATH/Config/BaseService.php(264): CodeIgniter\Config\BaseService::__callStatic()
12 SYSTEMPATH/Config/Services.php(450): CodeIgniter\Config\BaseService::getSharedInstance()
13 SYSTEMPATH/Config/BaseService.php(334): CodeIgniter\Config\Services::responsecache()
14 SYSTEMPATH/CodeIgniter.php(178): CodeIgniter\Config\BaseService::__callStatic()
15 SYSTEMPATH/Config/Services.php(164): CodeIgniter\CodeIgniter->__construct()
16 SYSTEMPATH/Config/BaseService.php(325): CodeIgniter\Config\Services::codeigniter()
17 SYSTEMPATH/Config/BaseService.php(264): CodeIgniter\Config\BaseService::__callStatic()
18 SYSTEMPATH/Config/Services.php(159): CodeIgniter\Config\BaseService::getSharedInstance()
19 SYSTEMPATH/Config/BaseService.php(334): CodeIgniter\Config\Services::codeigniter()
20 SYSTEMPATH/Config/BaseService.php(203): CodeIgniter\Config\BaseService::__callStatic()
21 SYSTEMPATH/Common.php(1078): CodeIgniter\Config\BaseService::get()
22 SYSTEMPATH/Boot.php(403): service()
23 SYSTEMPATH/Boot.php(67): CodeIgniter\Boot::initializeCodeIgniter()
24 FCPATH/index.php(59): CodeIgniter\Boot::bootWeb()
CRITICAL - 2026-07-21 07:57:19 --> CodeIgniter\Cache\Exceptions\CacheException: Cache unable to write to "/home/fiantso/Téléchargements/Examen_SI-main (2)/writable/cache/".
[Method: GET, Route: /]
in SYSTEMPATH/Cache/Handlers/FileHandler.php on line 66.
 1 SYSTEMPATH/Cache/Handlers/FileHandler.php(66): CodeIgniter\Cache\Exceptions\CacheException::forUnableToWrite()
 2 SYSTEMPATH/Cache/CacheFactory.php(67): CodeIgniter\Cache\Handlers\FileHandler->__construct()
 3 SYSTEMPATH/Config/Services.php(129): CodeIgniter\Cache\CacheFactory::getHandler()
 4 SYSTEMPATH/Config/BaseService.php(325): CodeIgniter\Config\Services::cache()
 5 SYSTEMPATH/Config/BaseService.php(264): CodeIgniter\Config\BaseService::__callStatic()
 6 SYSTEMPATH/Config/Services.php(124): CodeIgniter\Config\BaseService::getSharedInstance()
 7 SYSTEMPATH/Config/BaseService.php(334): CodeIgniter\Config\Services::cache()
 8 SYSTEMPATH/Config/BaseService.php(203): CodeIgniter\Config\BaseService::__callStatic()
 9 SYSTEMPATH/Config/Services.php(454): CodeIgniter\Config\BaseService::get()
10 SYSTEMPATH/Config/BaseService.php(325): CodeIgniter\Config\Services::responsecache()
11 SYSTEMPATH/Config/BaseService.php(264): CodeIgniter\Config\BaseService::__callStatic()
12 SYSTEMPATH/Config/Services.php(450): CodeIgniter\Config\BaseService::getSharedInstance()
13 SYSTEMPATH/Config/BaseService.php(334): CodeIgniter\Config\Services::responsecache()
14 SYSTEMPATH/CodeIgniter.php(178): CodeIgniter\Config\BaseService::__callStatic()
15 SYSTEMPATH/Config/Services.php(164): CodeIgniter\CodeIgniter->__construct()
16 SYSTEMPATH/Config/BaseService.php(325): CodeIgniter\Config\Services::codeigniter()
17 SYSTEMPATH/Config/BaseService.php(264): CodeIgniter\Config\BaseService::__callStatic()
18 SYSTEMPATH/Config/Services.php(159): CodeIgniter\Config\BaseService::getSharedInstance()
19 SYSTEMPATH/Config/BaseService.php(334): CodeIgniter\Config\Services::codeigniter()
20 SYSTEMPATH/Config/BaseService.php(203): CodeIgniter\Config\BaseService::__callStatic()
21 SYSTEMPATH/Common.php(1078): CodeIgniter\Config\BaseService::get()
22 SYSTEMPATH/Boot.php(403): service()
23 SYSTEMPATH/Boot.php(67): CodeIgniter\Boot::initializeCodeIgniter()
24 FCPATH/index.php(59): CodeIgniter\Boot::bootWeb()
CRITICAL - 2026-07-21 07:57:55 --> CodeIgniter\Cache\Exceptions\CacheException: Cache unable to write to "/home/fiantso/Téléchargements/Examen_SI-main (2)/writable/cache/".
[Method: GET, Route: /]
in SYSTEMPATH/Cache/Handlers/FileHandler.php on line 66.
 1 SYSTEMPATH/Cache/Handlers/FileHandler.php(66): CodeIgniter\Cache\Exceptions\CacheException::forUnableToWrite()
 2 SYSTEMPATH/Cache/CacheFactory.php(67): CodeIgniter\Cache\Handlers\FileHandler->__construct()
 3 SYSTEMPATH/Config/Services.php(129): CodeIgniter\Cache\CacheFactory::getHandler()
 4 SYSTEMPATH/Config/BaseService.php(325): CodeIgniter\Config\Services::cache()
 5 SYSTEMPATH/Config/BaseService.php(264): CodeIgniter\Config\BaseService::__callStatic()
 6 SYSTEMPATH/Config/Services.php(124): CodeIgniter\Config\BaseService::getSharedInstance()
 7 SYSTEMPATH/Config/BaseService.php(334): CodeIgniter\Config\Services::cache()
 8 SYSTEMPATH/Config/BaseService.php(203): CodeIgniter\Config\BaseService::__callStatic()
 9 SYSTEMPATH/Config/Services.php(454): CodeIgniter\Config\BaseService::get()
10 SYSTEMPATH/Config/BaseService.php(325): CodeIgniter\Config\Services::responsecache()
11 SYSTEMPATH/Config/BaseService.php(264): CodeIgniter\Config\BaseService::__callStatic()
12 SYSTEMPATH/Config/Services.php(450): CodeIgniter\Config\BaseService::getSharedInstance()
13 SYSTEMPATH/Config/BaseService.php(334): CodeIgniter\Config\Services::responsecache()
14 SYSTEMPATH/CodeIgniter.php(178): CodeIgniter\Config\BaseService::__callStatic()
15 SYSTEMPATH/Config/Services.php(164): CodeIgniter\CodeIgniter->__construct()
16 SYSTEMPATH/Config/BaseService.php(325): CodeIgniter\Config\Services::codeigniter()
17 SYSTEMPATH/Config/BaseService.php(264): CodeIgniter\Config\BaseService::__callStatic()
18 SYSTEMPATH/Config/Services.php(159): CodeIgniter\Config\BaseService::getSharedInstance()
19 SYSTEMPATH/Config/BaseService.php(334): CodeIgniter\Config\Services::codeigniter()
20 SYSTEMPATH/Config/BaseService.php(203): CodeIgniter\Config\BaseService::__callStatic()
21 SYSTEMPATH/Common.php(1078): CodeIgniter\Config\BaseService::get()
22 SYSTEMPATH/Boot.php(403): service()
23 SYSTEMPATH/Boot.php(67): CodeIgniter\Boot::initializeCodeIgniter()
24 FCPATH/index.php(59): CodeIgniter\Boot::bootWeb()
CRITICAL - 2026-07-21 08:20:17 --> CodeIgniter\Cache\Exceptions\CacheException: Cache unable to write to "/home/fiantso/Téléchargements/Examen_SI-main (2)/writable/cache/".
[Method: GET, Route: /]
in SYSTEMPATH/Cache/Handlers/FileHandler.php on line 66.
 1 SYSTEMPATH/Cache/Handlers/FileHandler.php(66): CodeIgniter\Cache\Exceptions\CacheException::forUnableToWrite()
 2 SYSTEMPATH/Cache/CacheFactory.php(67): CodeIgniter\Cache\Handlers\FileHandler->__construct()
 3 SYSTEMPATH/Config/Services.php(129): CodeIgniter\Cache\CacheFactory::getHandler()
 4 SYSTEMPATH/Config/BaseService.php(325): CodeIgniter\Config\Services::cache()
 5 SYSTEMPATH/Config/BaseService.php(264): CodeIgniter\Config\BaseService::__callStatic()
 6 SYSTEMPATH/Config/Services.php(124): CodeIgniter\Config\BaseService::getSharedInstance()
 7 SYSTEMPATH/Config/BaseService.php(334): CodeIgniter\Config\Services::cache()
 8 SYSTEMPATH/Config/BaseService.php(203): CodeIgniter\Config\BaseService::__callStatic()
 9 SYSTEMPATH/Config/Services.php(454): CodeIgniter\Config\BaseService::get()
10 SYSTEMPATH/Config/BaseService.php(325): CodeIgniter\Config\Services::responsecache()
11 SYSTEMPATH/Config/BaseService.php(264): CodeIgniter\Config\BaseService::__callStatic()
12 SYSTEMPATH/Config/Services.php(450): CodeIgniter\Config\BaseService::getSharedInstance()
13 SYSTEMPATH/Config/BaseService.php(334): CodeIgniter\Config\Services::responsecache()
14 SYSTEMPATH/CodeIgniter.php(178): CodeIgniter\Config\BaseService::__callStatic()
15 SYSTEMPATH/Config/Services.php(164): CodeIgniter\CodeIgniter->__construct()
16 SYSTEMPATH/Config/BaseService.php(325): CodeIgniter\Config\Services::codeigniter()
17 SYSTEMPATH/Config/BaseService.php(264): CodeIgniter\Config\BaseService::__callStatic()
18 SYSTEMPATH/Config/Services.php(159): CodeIgniter\Config\BaseService::getSharedInstance()
19 SYSTEMPATH/Config/BaseService.php(334): CodeIgniter\Config\Services::codeigniter()
20 SYSTEMPATH/Config/BaseService.php(203): CodeIgniter\Config\BaseService::__callStatic()
21 SYSTEMPATH/Common.php(1078): CodeIgniter\Config\BaseService::get()
22 SYSTEMPATH/Boot.php(403): service()
23 SYSTEMPATH/Boot.php(67): CodeIgniter\Boot::initializeCodeIgniter()
24 FCPATH/index.php(59): CodeIgniter\Boot::bootWeb()
DEBUG - 2026-07-21 08:23:06 --> Session: Class initialized using 'CodeIgniter\Session\Handlers\FileHandler' driver.
DEBUG - 2026-07-21 08:23:21 --> Session: Class initialized using 'CodeIgniter\Session\Handlers\FileHandler' driver.
DEBUG - 2026-07-21 08:23:24 --> Session: Class initialized using 'CodeIgniter\Session\Handlers\FileHandler' driver.
DEBUG - 2026-07-21 08:23:26 --> Session: Class initialized using 'CodeIgniter\Session\Handlers\FileHandler' driver.
DEBUG - 2026-07-21 08:23:31 --> Session: Class initialized using 'CodeIgniter\Session\Handlers\FileHandler' driver.
DEBUG - 2026-07-21 08:23:37 --> Session: Class initialized using 'CodeIgniter\Session\Handlers\FileHandler' driver.
DEBUG - 2026-07-21 08:23:44 --> Session: Class initialized using 'CodeIgniter\Session\Handlers\FileHandler' driver.
